// Jest Snapshot v1, https://goo.gl/fbAQLP

exports[`After running stryker on a cucumber-ts project should report expected scores 1`] = `
Object {
  "compileErrors": 0,
  "ignored": 0,
  "killed": 4,
  "mutationScore": 66.66666666666666,
  "mutationScoreBasedOnCoveredCode": 100,
  "noCoverage": 2,
  "runtimeErrors": 2,
  "survived": 0,
  "timeout": 0,
  "totalCovered": 4,
  "totalDetected": 4,
  "totalInvalid": 2,
  "totalMutants": 8,
  "totalUndetected": 2,
  "totalValid": 6,
}
`;
