// Jest Snapshot v1, https://goo.gl/fbAQLP

exports[`After running stryker with test runner jest on test environment "node" should report 75% mutation score 1`] = `
Object {
  "compileErrors": 0,
  "ignored": 0,
  "killed": 3,
  "mutationScore": 75,
  "mutationScoreBasedOnCoveredCode": 75,
  "noCoverage": 0,
  "runtimeErrors": 0,
  "survived": 1,
  "timeout": 0,
  "totalCovered": 4,
  "totalDetected": 3,
  "totalInvalid": 0,
  "totalMutants": 4,
  "totalUndetected": 1,
  "totalValid": 4,
}
`;
