// Jest Snapshot v1, https://goo.gl/fbAQLP

exports[`instrumenter integration should be able to instrument html 1`] = `
"<!DOCTYPE html>
<html lang=\\"en\\">

<head>
    <meta charset=\\"UTF-8\\">
    <meta name=\\"viewport\\" content=\\"width=device-width, initial-scale=1.0\\">
    <title>Document</title>
</head>

<body>
    <script>
var __global_69fa48 = function (g) {
  g.__mutantCoverage__ = g.__mutantCoverage__ || {
    static: {},
    perTest: {}
  };

  g.__coverMutant__ = g.__coverMutant__ || function () {
    var c = g.__mutantCoverage__.static;

    if (g.__currentTestId__) {
      c = g.__mutantCoverage__.perTest[g.__currentTestId__] = g.__mutantCoverage__.perTest[g.__currentTestId__] || {};
    }

    var a = arguments;

    for (var i = 0; i < a.length; i++) {
      c[a[i]] = (c[a[i]] || 0) + 1;
    }
  };

  return g;
}(new Function(\\"return this\\")());

function add(a, b) {
  switch (__global_69fa48.__activeMutant__) {
    case 0:
      {}
      break;

    default:
      __global_69fa48.__coverMutant__(0);
      {
        return __global_69fa48.__activeMutant__ === 1 ? a - b : (__global_69fa48.__coverMutant__(1), a + b);
      }
      break;
  }
}

add(40, 2);
</script>
</body>

</html>"
`;
