// Jest Snapshot v1, https://goo.gl/fbAQLP

exports[`instrumenter integration should be able to instrument a lit-html file 1`] = `
"function stryNS_9fa48() {
  var g = new Function(\\"return this\\")();
  var ns = g.__stryker__ || (g.__stryker__ = {});

  if (ns.activeMutant === undefined && g.process && g.process.env && g.process.env.__STRYKER_ACTIVE_MUTANT__) {
    ns.activeMutant = g.process.env.__STRYKER_ACTIVE_MUTANT__;
  }

  function retrieveNS() {
    return ns;
  }

  stryNS_9fa48 = retrieveNS;
  return retrieveNS();
}

stryNS_9fa48();

function stryCov_9fa48() {
  var ns = stryNS_9fa48();
  var cov = ns.mutantCoverage || (ns.mutantCoverage = {
    static: {},
    perTest: {}
  });

  function cover() {
    var c = cov.static;

    if (ns.currentTestId) {
      c = cov.perTest[ns.currentTestId] = cov.perTest[ns.currentTestId] || {};
    }

    var a = arguments;

    for (var i = 0; i < a.length; i++) {
      c[a[i]] = (c[a[i]] || 0) + 1;
    }
  }

  stryCov_9fa48 = cover;
  cover.apply(null, arguments);
}

function stryMutAct_9fa48(id) {
  var ns = stryNS_9fa48();

  function isActive(id) {
    if (ns.activeMutant === id) {
      if (ns.hitCount !== void 0 && ++ns.hitCount > ns.hitLimit) {
        throw new Error('Stryker: Hit count limit reached (' + ns.hitCount + ')');
      }

      return true;
    }

    return false;
  }

  stryMutAct_9fa48 = isActive;
  return isActive(id);
}

import { LitElement, html, property, customElement, svg } from 'lit-element';
import { Thresholds } from 'mutation-testing-report-schema';
import { pathJoin } from '../lib/codeHelpers';
import { MetricsResult } from 'mutation-testing-metrics';
import { toAbsoluteUrl } from '../lib/htmlHelpers';
@customElement('mutation-test-report-totals')
export class MutationTestReportTotalsComponent extends LitElement {
  @property()
  public model: MetricsResult | undefined;
  @property()
  public thresholds: Thresholds | undefined;
  @property()
  public currentPath: string[] = stryMutAct_9fa48(\\"0\\") ? [\\"Stryker was here\\"] : (stryCov_9fa48(\\"0\\"), []);
  private readonly fileIcon = stryMutAct_9fa48(\\"1\\") ? svg\`\` : (stryCov_9fa48(\\"1\\"), svg\`<svg aria-label=\\"file\\" class=\\"octicon octicon-file\\" viewBox=\\"0 0 12 16\\" version=\\"1.1\\" width=\\"12\\" height=\\"16\\" role=\\"img\\"><path fill-rule=\\"evenodd\\" d=\\"M6 5H2V4h4v1zM2 8h7V7H2v1zm0 2h7V9H2v1zm0 2h7v-1H2v1zm10-7.5V14c0 .55-.45 1-1 1H1c-.55 0-1-.45-1-1V2c0-.55.45-1 1-1h7.5L12 4.5zM11 5L8 2H1v12h10V5z\\"></path></svg>\`);
  private readonly directoryIcon = stryMutAct_9fa48(\\"2\\") ? svg\`\` : (stryCov_9fa48(\\"2\\"), svg\`<svg aria-label=\\"directory\\" class=\\"octicon octicon-file-directory\\" viewBox=\\"0 0 14 16\\" version=\\"1.1\\" width=\\"14\\" height=\\"16\\" role=\\"img\\"><path fill-rule=\\"evenodd\\" d=\\"M13 4H7V3c0-.66-.31-1-1-1H1c-.55 0-1 .45-1 1v10c0 .55.45 1 1 1h12c.55 0 1-.45 1-1V5c0-.55-.45-1-1-1zM6 4H1V3h5v1z\\"></path></svg>\`);

  public render() {
    if (stryMutAct_9fa48(\\"3\\")) {
      {}
    } else {
      stryCov_9fa48(\\"3\\");

      if (stryMutAct_9fa48(\\"5\\") ? false : stryMutAct_9fa48(\\"4\\") ? true : (stryCov_9fa48(\\"4\\", \\"5\\"), this.model)) {
        if (stryMutAct_9fa48(\\"6\\")) {
          {}
        } else {
          stryCov_9fa48(\\"6\\");
          return stryMutAct_9fa48(\\"7\\") ? html\`\` : (stryCov_9fa48(\\"7\\"), html\`
        <table class=\\"table table-sm table-hover table-bordered table-no-top\\">
          \${this.renderHead()} \${this.renderTableBody(this.model)}
        </table>
      \`);
        }
      } else {
        if (stryMutAct_9fa48(\\"8\\")) {
          {}
        } else {
          stryCov_9fa48(\\"8\\");
          return undefined;
        }
      }
    }
  }

  private renderHead() {
    if (stryMutAct_9fa48(\\"9\\")) {
      {}
    } else {
      stryCov_9fa48(\\"9\\");
      return stryMutAct_9fa48(\\"10\\") ? html\`\` : (stryCov_9fa48(\\"10\\"), html\`<thead>
      <tr>
        <th colspan=\\"2\\" style=\\"width: 217px\\">
          <div><span>File / Directory</span></div>
        </th>
        <th colspan=\\"2\\">
          <div><span>Mutation score</span></div>
        </th>
        <th class=\\"rotate text-center\\" style=\\"width: 50px\\">
          <div><span># Killed</span></div>
        </th>
        <th class=\\"rotate text-center\\" style=\\"width: 50px\\">
          <div><span># Survived</span></div>
        </th>
        <th class=\\"rotate text-center\\" style=\\"width: 50px\\">
          <div><span># Timeout</span></div>
        </th>
        <th class=\\"rotate text-center\\" style=\\"width: 50px\\">
          <div><span># No coverage</span></div>
        </th>
        <th class=\\"rotate text-center\\" style=\\"width: 50px\\">
          <div><span># Ignored</span></div>
        </th>
        <th class=\\"rotate text-center\\" style=\\"width: 50px\\">
          <div><span># Runtime errors</span></div>
        </th>
        <th class=\\"rotate text-center\\" style=\\"width: 50px\\">
          <div><span># Compile errors</span></div>
        </th>
        <th class=\\"rotate rotate-width-70 text-center\\" style=\\"width: 70px\\">
          <div><span>Total detected</span></div>
        </th>
        <th class=\\"rotate rotate-width-70 text-center\\" style=\\"width: 70px\\">
          <div><span>Total undetected</span></div>
        </th>
        <th class=\\"rotate rotate-width-70 text-center\\" style=\\"width: 70px\\">
          <div><span>Total mutants</span></div>
        </th>
      </tr>
    </thead>\`);
    }
  }

  private renderTableBody(model: MetricsResult) {
    if (stryMutAct_9fa48(\\"11\\")) {
      {}
    } else {
      stryCov_9fa48(\\"11\\");

      const renderChildren = () => {
        if (stryMutAct_9fa48(\\"12\\")) {
          {}
        } else {
          stryCov_9fa48(\\"12\\");

          if (stryMutAct_9fa48(\\"14\\") ? false : stryMutAct_9fa48(\\"13\\") ? true : (stryCov_9fa48(\\"13\\", \\"14\\"), model.file)) {
            if (stryMutAct_9fa48(\\"15\\")) {
              {}
            } else {
              stryCov_9fa48(\\"15\\");
              return undefined;
            }
          } else {
            if (stryMutAct_9fa48(\\"16\\")) {
              {}
            } else {
              stryCov_9fa48(\\"16\\");
              return model.childResults.map(childResult => {
                if (stryMutAct_9fa48(\\"17\\")) {
                  {}
                } else {
                  stryCov_9fa48(\\"17\\");
                  let fullName: string = childResult.name;

                  while (stryMutAct_9fa48(\\"19\\") ? !childResult.file || childResult.childResults.length === 1 : stryMutAct_9fa48(\\"18\\") ? false : (stryCov_9fa48(\\"18\\", \\"19\\"), (stryMutAct_9fa48(\\"20\\") ? childResult.file : (stryCov_9fa48(\\"20\\"), !childResult.file)) && (stryMutAct_9fa48(\\"22\\") ? childResult.childResults.length !== 1 : stryMutAct_9fa48(\\"21\\") ? true : (stryCov_9fa48(\\"21\\", \\"22\\"), childResult.childResults.length === 1)))) {
                    if (stryMutAct_9fa48(\\"23\\")) {
                      {}
                    } else {
                      stryCov_9fa48(\\"23\\");
                      childResult = childResult.childResults[0];
                      fullName = pathJoin(fullName, childResult.name);
                    }
                  }

                  return this.renderRow(fullName, childResult, pathJoin(...this.currentPath, fullName));
                }
              });
            }
          }
        }
      };

      return stryMutAct_9fa48(\\"24\\") ? html\`\` : (stryCov_9fa48(\\"24\\"), html\`
      <tbody>
        \${this.renderRow(model.name, model, undefined)} \${renderChildren()}
      </tbody>
    \`);
    }
  }

  private renderRow(name: string, row: MetricsResult, path: string | undefined) {
    if (stryMutAct_9fa48(\\"25\\")) {
      {}
    } else {
      stryCov_9fa48(\\"25\\");
      const {
        mutationScore
      } = row.metrics;
      const scoreIsPresent = stryMutAct_9fa48(\\"26\\") ? isNaN(mutationScore) : (stryCov_9fa48(\\"26\\"), !isNaN(mutationScore));
      const coloringClass = this.determineColoringClass(mutationScore);
      const mutationScoreRounded = mutationScore.toFixed(2);
      const progressBarStyle = stryMutAct_9fa48(\\"27\\") ? \`\` : (stryCov_9fa48(\\"27\\"), \`width: \${mutationScore}%\`);
      return stryMutAct_9fa48(\\"28\\") ? html\`\` : (stryCov_9fa48(\\"28\\"), html\` <tr title=\\"\${row.name}\\">
      <td style=\\"width: 32px;\\" class=\\"icon no-border-right\\"
        >\${row.file ? this.fileIcon : this.directoryIcon}</td
      >
      <td width=\\"\\" class=\\"no-border-left\\"
        >\${(stryMutAct_9fa48(\\"31\\") ? typeof path !== 'string' : stryMutAct_9fa48(\\"30\\") ? false : stryMutAct_9fa48(\\"29\\") ? true : (stryCov_9fa48(\\"29\\", \\"30\\", \\"31\\"), typeof path === (stryMutAct_9fa48(\\"32\\") ? \\"\\" : (stryCov_9fa48(\\"32\\"), 'string')))) ? stryMutAct_9fa48(\\"33\\") ? html\`\` : (stryCov_9fa48(\\"33\\"), html\`<a href=\\"\${toAbsoluteUrl(path)}\\">\${name}</a>\`) : stryMutAct_9fa48(\\"34\\") ? html\`\` : (stryCov_9fa48(\\"34\\"), html\`<span>\${row.name}</span>\`)}</td
      >
      <td class=\\"no-border-right vertical-middle\\">
        \${scoreIsPresent ? stryMutAct_9fa48(\\"35\\") ? html\`\` : (stryCov_9fa48(\\"35\\"), html\` <div class=\\"progress\\">
              <div
                class=\\"progress-bar bg-\${coloringClass}\\"
                role=\\"progressbar\\"
                aria-valuenow=\\"\${mutationScoreRounded}\\"
                aria-valuemin=\\"0\\"
                aria-valuemax=\\"100\\"
                style=\\"\${progressBarStyle}\\"
              >
                \${mutationScoreRounded}%
              </div>
            </div>\`) : stryMutAct_9fa48(\\"36\\") ? html\`\` : (stryCov_9fa48(\\"36\\"), html\` <span class=\\"font-weight-bold text-muted\\">N/A</span> \`)}
      </td>
      <td style=\\"width: 50px;\\" class=\\"no-border-left font-weight-bold text-center text-\${coloringClass}\\">
        \${scoreIsPresent ? mutationScoreRounded : undefined}
      </td>
      <td class=\\"text-center\\">\${row.metrics.killed}</td>
      <td class=\\"text-center\\">\${row.metrics.survived}</td>
      <td class=\\"text-center\\">\${row.metrics.timeout}</td>
      <td class=\\"text-center\\">\${row.metrics.noCoverage}</td>
      <td class=\\"text-center\\">\${row.metrics.ignored}</td>
      <td class=\\"text-center\\">\${row.metrics.runtimeErrors}</td>
      <td class=\\"text-center\\">\${row.metrics.compileErrors}</td>
      <th class=\\"text-center\\">\${row.metrics.totalDetected}</th>
      <th class=\\"text-center\\">\${row.metrics.totalUndetected}</th>
      <th class=\\"text-center\\">\${row.metrics.totalMutants}</th>
    </tr>\`);
    }
  }

  private determineColoringClass(mutationScore: number) {
    if (stryMutAct_9fa48(\\"37\\")) {
      {}
    } else {
      stryCov_9fa48(\\"37\\");

      if (stryMutAct_9fa48(\\"40\\") ? !isNaN(mutationScore) || this.thresholds : stryMutAct_9fa48(\\"39\\") ? false : stryMutAct_9fa48(\\"38\\") ? true : (stryCov_9fa48(\\"38\\", \\"39\\", \\"40\\"), (stryMutAct_9fa48(\\"41\\") ? isNaN(mutationScore) : (stryCov_9fa48(\\"41\\"), !isNaN(mutationScore))) && this.thresholds)) {
        if (stryMutAct_9fa48(\\"42\\")) {
          {}
        } else {
          stryCov_9fa48(\\"42\\");

          if (stryMutAct_9fa48(\\"46\\") ? mutationScore >= this.thresholds.low : stryMutAct_9fa48(\\"45\\") ? mutationScore <= this.thresholds.low : stryMutAct_9fa48(\\"44\\") ? false : stryMutAct_9fa48(\\"43\\") ? true : (stryCov_9fa48(\\"43\\", \\"44\\", \\"45\\", \\"46\\"), mutationScore < this.thresholds.low)) {
            if (stryMutAct_9fa48(\\"47\\")) {
              {}
            } else {
              stryCov_9fa48(\\"47\\");
              return stryMutAct_9fa48(\\"48\\") ? \\"\\" : (stryCov_9fa48(\\"48\\"), 'danger');
            }
          } else if (stryMutAct_9fa48(\\"52\\") ? mutationScore >= this.thresholds.high : stryMutAct_9fa48(\\"51\\") ? mutationScore <= this.thresholds.high : stryMutAct_9fa48(\\"50\\") ? false : stryMutAct_9fa48(\\"49\\") ? true : (stryCov_9fa48(\\"49\\", \\"50\\", \\"51\\", \\"52\\"), mutationScore < this.thresholds.high)) {
            if (stryMutAct_9fa48(\\"53\\")) {
              {}
            } else {
              stryCov_9fa48(\\"53\\");
              return stryMutAct_9fa48(\\"54\\") ? \\"\\" : (stryCov_9fa48(\\"54\\"), 'warning');
            }
          } else {
            if (stryMutAct_9fa48(\\"55\\")) {
              {}
            } else {
              stryCov_9fa48(\\"55\\");
              return stryMutAct_9fa48(\\"56\\") ? \\"\\" : (stryCov_9fa48(\\"56\\"), 'success');
            }
          }
        }
      } else {
        if (stryMutAct_9fa48(\\"57\\")) {
          {}
        } else {
          stryCov_9fa48(\\"57\\");
          return stryMutAct_9fa48(\\"58\\") ? \\"\\" : (stryCov_9fa48(\\"58\\"), 'default');
        }
      }
    }
  }

}"
`;
