// Jest Snapshot v1, https://goo.gl/fbAQLP

exports[`instrumenter integration type declarations should not produce mutants for TS type definitions 1`] = `
"/**
 * @see https://github.com/stryker-mutator/stryker-js/issues/2465
 */
const flatten = (require('lodash/flatten') as typeof import('lodash/flatten'));"
`;
