// Jest Snapshot v1, https://goo.gl/fbAQLP

exports[`Verify stryker has ran correctly should report correct score 1`] = `
Object {
  "compileErrors": 0,
  "ignored": 0,
  "killed": 0,
  "mutationScore": NaN,
  "mutationScoreBasedOnCoveredCode": NaN,
  "noCoverage": 0,
  "pending": 0,
  "runtimeErrors": 0,
  "survived": 0,
  "timeout": 0,
  "totalCovered": 0,
  "totalDetected": 0,
  "totalInvalid": 0,
  "totalMutants": 0,
  "totalUndetected": 0,
  "totalValid": 0,
}
`;
