// Jest Snapshot v1, https://goo.gl/fbAQLP

exports[`Verify stryker has ran correctly should report correct score 1`] = `
Object {
  "compileErrors": 0,
  "ignored": 0,
  "killed": 11,
  "mutationScore": 78.57142857142857,
  "mutationScoreBasedOnCoveredCode": 78.57142857142857,
  "noCoverage": 0,
  "pending": 0,
  "runtimeErrors": 0,
  "survived": 3,
  "timeout": 0,
  "totalCovered": 14,
  "totalDetected": 11,
  "totalInvalid": 0,
  "totalMutants": 14,
  "totalUndetected": 3,
  "totalValid": 14,
}
`;
