// Jest Snapshot v1, https://goo.gl/fbAQLP

exports[`Verify stryker has ran correctly should report correct score 1`] = `
Object {
  "compileErrors": 2,
  "ignored": 0,
  "killed": 2,
  "mutationScore": 18.181818181818183,
  "mutationScoreBasedOnCoveredCode": 66.66666666666666,
  "noCoverage": 8,
  "runtimeErrors": 0,
  "survived": 1,
  "timeout": 0,
  "totalCovered": 3,
  "totalDetected": 2,
  "totalInvalid": 2,
  "totalMutants": 13,
  "totalUndetected": 9,
  "totalValid": 11,
}
`;
