// Jest Snapshot v1, https://goo.gl/fbAQLP

exports[`disableTypeChecks integration should be able disable type checks of a vue tsx file 1`] = `
"<template>
  <div class=\\"test\\">
    <h1>Hello</h1>
  </div>
</template>
<script lang=\\"tsx\\">
// @ts-nocheck

//  not installed
import { Vue, Component, Prop, Watch, Emit } from 'vue-property-decorator'
@Component({
  name: 'example-tsx-component',
})
export default class AuditDrawerInfo extends Vue {
  public renderFunction = (h, context) => {
    return (
      <button>button</button>
    )
  }
}

</script>
<style lang=\\"scss\\">
</style>"
`;
