// Jest Snapshot v1, https://goo.gl/fbAQLP

exports[`disableTypeChecks integration should be able disable type checks of an html file 1`] = `
"<!DOCTYPE html>
<html lang=\\"en\\">

<head>
    <meta charset=\\"UTF-8\\">
    <meta name=\\"viewport\\" content=\\"width=device-width, initial-scale=1.0\\">
    <title>Document</title>
</head>

<body>
    <script>
// @ts-nocheck

        function add(a, b) {
            return a + b;
        }
        // 
        add(40, 2);
    
</script>
</body>

</html>"
`;
